TESTS 1-86/85
VRAM: 5.95 GB

[1] datetime             OK    (6.3s)
[2] calculator           OK    (7.2s)
[3] shell                OK    (29.1s)
[4] list_files           OK    (8.1s)
[5] file_exists          OK    (7.5s)
[6] glob                 OK    (9.4s)
[7] grep                 OK    (14.2s)
[8] read_file            OK    (17.6s)
[9] web_search           ERR   (62.0s)
[10] web_fetch            ERR   (62.0s)
[11] memory_save          ERR   (62.0s)
[12] memory_recall        ERR   (62.1s)
[13] memory_list          ERR   (62.0s)
[14] memory_search        OK    (41.7s)
[15] memory_stats         OK    (10.0s)
[16] write_file           OK    (9.0s)
[17] append_file          OK    (8.0s)
[18] create_directory     OK    (53.7s)
[19] delete_file          OK    (11.9s)
[20] system_info          OK    (14.4s)
[21] process_list         OK    (11.6s)
[22] env_get              OK    (6.8s)
[23] clipboard_read       OK    (14.5s)
[24] code_run             OK    (9.9s)
[25] python               OK    (10.2s)
[26] git_status           OK    (4.7s)
[27] git_log              OK    (7.7s)
[28] git_diff             OK    (11.1s)
[29] git_branch           OK    (8.6s)
[30] json_parse           OK    (7.9s)
[31] hash_text            ERR   (62.0s)
[32] hash_file            OK    (41.6s)
[33] csv_read             ERR   (62.0s)
[34] csv_write            OK    (32.8s)
[35] database_query       OK    (9.0s)
[36] api_call             OK    (8.7s)
[37] pdf_info             OK    (7.4s)
[38] pdf_create           OK    (8.5s)
[39] docx_read            OK    (9.3s)
[40] docx_create          OK    (5.6s)
[41] xlsx_read            OK    (10.7s)
[42] xlsx_create          OK    (29.3s)
[43] pptx_read            OK    (5.1s)
[44] pptx_create          OK    (8.9s)
[45] schedule_list        OK    (4.2s)
[46] image_info           OK    (4.8s)
[47] image_analyze        OK    (5.2s)
[48] ocr_extract          OK    (23.5s)
[49] screenshot           OK    (8.7s)
[50] audio_info           ERR   (62.0s)
[51] audio_transcribe     ERR   (62.0s)
[52] video_info           ERR   (62.0s)
[53] video_analyze        ERR   (62.0s)
[54] browser_open         ERR   (62.0s)
[55] browser_screenshot   ERR   (62.0s)
[56] browser_close        ERR   (62.1s)
[57] notify_send          ERR   (62.1s)
[58] email_send           ERR   (62.0s)
[59] sms_send             ERR   (62.0s)
[60] memory_export        ERR   (62.0s)
[61] memory_import        OK    (19.7s)
[62] memory_clear         OK    (7.7s)
[63] context_save         OK    (11.6s)
[64] context_load         OK    (9.5s)
[65] context_list         OK    (4.2s)
[66] context_delete       OK    (6.0s)
[67] code_lint            ERR   (62.0s)
[68] code_format          ERR   (62.0s)
[69] code_test            ERR   (62.0s)
[70] env_set              ERR   (62.0s)
[71] clipboard_write      ERR   (62.0s)
[72] process_kill         ERR   (62.0s)
[73] app_launch           ERR   (62.0s)
[74] image_generate       ERR   (62.0s)
[75] image_convert        ERR   (62.0s)
[76] image_resize         ERR   (62.1s)
[77] audio_generate       ERR   (62.1s)
[78] audio_convert        ERR   (62.0s)
[79] browser_click        ERR   (62.0s)
[80] browser_type         ERR   (62.0s)
[81] browser_scroll       ERR   (62.0s)
[82] browser_get_text     ERR   (62.1s)
[83] schedule_task        ERR   (62.0s)
[84] schedule_info        ERR   (62.1s)
[85] schedule_cancel      ERR   (62.0s)

VRAM: 5.95 -> ? GB
PASS: 48/85
  OK    datetime                  6.3s
  OK    calculator                7.2s
  OK    shell                     29.1s
  OK    list_files                8.1s
  OK    file_exists               7.5s
  OK    glob                      9.4s
  OK    grep                      14.2s
  OK    read_file                 17.6s
  FAIL  web_search                62.0s
  FAIL  web_fetch                 62.0s
  FAIL  memory_save               62.0s
  FAIL  memory_recall             62.1s
  FAIL  memory_list               62.0s
  OK    memory_search             41.7s
  OK    memory_stats              10.0s
  OK    write_file                9.0s
  OK    append_file               8.0s
  OK    create_directory          53.7s
  OK    delete_file               11.9s
  OK    system_info               14.4s
  OK    process_list              11.6s
  OK    env_get                   6.8s
  OK    clipboard_read            14.5s
  OK    code_run                  9.9s
  OK    python                    10.2s
  OK    git_status                4.7s
  OK    git_log                   7.7s
  OK    git_diff                  11.1s
  OK    git_branch                8.6s
  OK    json_parse                7.9s
  FAIL  hash_text                 62.0s
  OK    hash_file                 41.6s
  FAIL  csv_read                  62.0s
  OK    csv_write                 32.8s
  OK    database_query            9.0s
  OK    api_call                  8.7s
  OK    pdf_info                  7.4s
  OK    pdf_create                8.5s
  OK    docx_read                 9.3s
  OK    docx_create               5.6s
  OK    xlsx_read                 10.7s
  OK    xlsx_create               29.3s
  OK    pptx_read                 5.1s
  OK    pptx_create               8.9s
  OK    schedule_list             4.2s
  OK    image_info                4.8s
  OK    image_analyze             5.2s
  OK    ocr_extract               23.5s
  OK    screenshot                8.7s
  FAIL  audio_info                62.0s
  FAIL  audio_transcribe          62.0s
  FAIL  video_info                62.0s
  FAIL  video_analyze             62.0s
  FAIL  browser_open              62.0s
  FAIL  browser_screenshot        62.0s
  FAIL  browser_close             62.1s
  FAIL  notify_send               62.1s
  FAIL  email_send                62.0s
  FAIL  sms_send                  62.0s
  FAIL  memory_export             62.0s
  OK    memory_import             19.7s
  OK    memory_clear              7.7s
  OK    context_save              11.6s
  OK    context_load              9.5s
  OK    context_list              4.2s
  OK    context_delete            6.0s
  FAIL  code_lint                 62.0s
  FAIL  code_format               62.0s
  FAIL  code_test                 62.0s
  FAIL  env_set                   62.0s
  FAIL  clipboard_write           62.0s
  FAIL  process_kill              62.0s
  FAIL  app_launch                62.0s
  FAIL  image_generate            62.0s
  FAIL  image_convert             62.0s
  FAIL  image_resize              62.1s
  FAIL  audio_generate            62.1s
  FAIL  audio_convert             62.0s
  FAIL  browser_click             62.0s
  FAIL  browser_type              62.0s
  FAIL  browser_scroll            62.0s
  FAIL  browser_get_text          62.1s
  FAIL  schedule_task             62.0s
  FAIL  schedule_info             62.1s
  FAIL  schedule_cancel           62.0s
